// Jest Snapshot v1, https://goo.gl/fbAQLP

exports[`Home renders correctly 1`] = `
<View
  style={
    {
      "alignItems": "center",
      "flex": 1,
      "justifyContent": "center",
      "paddingTop": 20,
    }
  }
>
  <View
    style={
      {
        "flex": 1,
      }
    }
  >
    <RNSVGSvgView
      bbHeight="1334"
      bbWidth="750"
      focusable={false}
      height={1334}
      style={
        [
          {
            "backgroundColor": "transparent",
            "borderWidth": 0,
          },
          {
            "flex": 0,
            "height": 1334,
            "width": 750,
          },
        ]
      }
      width={750}
    >
      <RNSVGGroup
        fill={
          {
            "payload": 4278190080,
            "type": 0,
          }
        }
      >
        <RNSVGImage
          align="xMidYMin"
          fill={
            {
              "payload": 4278190080,
              "type": 0,
            }
          }
          height="1334"
          meetOrSlice={0}
          src={null}
          testID="Logo"
          width="750"
          x="0"
          y="177.86666666666667"
        />
      </RNSVGGroup>
    </RNSVGSvgView>
  </View>
  <View
    style={
      {
        "alignItems": "center",
        "flex": 2,
      }
    }
  >
    <View
      style={
        {
          "paddingBottom": 10,
        }
      }
    >
      <Text
        style={
          {
            "backgroundColor": "#1EAED7",
            "color": "white",
            "fontSize": 22,
          }
        }
      >
        Here is your quote of the day:
      </Text>
    </View>
    <Text
      style={
        {
          "color": "white",
          "fontSize": 28,
          "fontStyle": "italic",
          "marginHorizontal": 25,
        }
      }
    >
      “It's not about what it is, it's about what it can become.” Dr. Seuss
    </Text>
  </View>
</View>
`;
