// Jest Snapshot v1, https://goo.gl/fbAQLP

exports[`Journal renders correctly 1`] = `
<View
  style={
    {
      "flex": 1,
    }
  }
>
  <RNCSafeAreaProvider
    onInsetsChange={[Function]}
    style={
      [
        {
          "flex": 1,
        },
        undefined,
      ]
    }
  >
    <View
      style={
        [
          {
            "backgroundColor": "rgb(242, 242, 242)",
            "flex": 1,
          },
          undefined,
        ]
      }
    >
      <View
        collapsable={false}
        pointerEvents="box-none"
        style={
          {
            "zIndex": 1,
          }
        }
      >
        <View
          accessibilityElementsHidden={false}
          importantForAccessibility="auto"
          onLayout={[Function]}
          pointerEvents="box-none"
          style={null}
        >
          <View
            collapsable={false}
            pointerEvents="box-none"
            style={
              {
                "bottom": 0,
                "left": 0,
                "opacity": 1,
                "position": "absolute",
                "right": 0,
                "top": 0,
                "zIndex": 0,
              }
            }
          >
            <View
              collapsable={false}
              style={
                {
                  "backgroundColor": "rgb(255, 255, 255)",
                  "borderBottomColor": "rgb(216, 216, 216)",
                  "flex": 1,
                  "shadowColor": "rgb(216, 216, 216)",
                  "shadowOffset": {
                    "height": 0.5,
                    "width": 0,
                  },
                  "shadowOpacity": 0.85,
                  "shadowRadius": 0,
                }
              }
            />
          </View>
          <View
            collapsable={false}
            pointerEvents="box-none"
            style={
              {
                "height": 44,
                "maxHeight": undefined,
                "minHeight": undefined,
                "opacity": undefined,
                "transform": undefined,
              }
            }
          >
            <View
              pointerEvents="none"
              style={
                {
                  "height": 0,
                }
              }
            />
            <View
              pointerEvents="box-none"
              style={
                {
                  "alignItems": "stretch",
                  "flex": 1,
                  "flexDirection": "row",
                }
              }
            >
              <View
                collapsable={false}
                pointerEvents="box-none"
                style={
                  {
                    "alignItems": "flex-start",
                    "flexBasis": 0,
                    "flexGrow": 1,
                    "justifyContent": "center",
                    "marginStart": 0,
                    "opacity": 1,
                  }
                }
              />
              <View
                collapsable={false}
                pointerEvents="box-none"
                style={
                  {
                    "justifyContent": "center",
                    "marginHorizontal": 16,
                    "maxWidth": 718,
                    "opacity": 1,
                  }
                }
              >
                <Text
                  accessibilityRole="header"
                  aria-level="1"
                  collapsable={false}
                  numberOfLines={1}
                  onLayout={[Function]}
                  style={
                    {
                      "color": "rgb(28, 28, 30)",
                      "fontSize": 17,
                      "fontWeight": "600",
                    }
                  }
                >
                  MockedScreen
                </Text>
              </View>
              <View
                collapsable={false}
                pointerEvents="box-none"
                style={
                  {
                    "alignItems": "flex-end",
                    "flexBasis": 0,
                    "flexGrow": 1,
                    "justifyContent": "center",
                    "marginEnd": 0,
                    "opacity": 1,
                  }
                }
              />
            </View>
          </View>
        </View>
      </View>
      <RNSScreenContainer
        onLayout={[Function]}
        style={
          {
            "flex": 1,
          }
        }
      >
        <RNSScreen
          activityState={2}
          collapsable={false}
          gestureResponseDistance={
            {
              "bottom": -1,
              "end": -1,
              "start": -1,
              "top": -1,
            }
          }
          pointerEvents="box-none"
          sheetAllowedDetents="large"
          sheetCornerRadius={-1}
          sheetExpandsWhenScrolledToEdge={true}
          sheetGrabberVisible={false}
          sheetLargestUndimmedDetent="all"
          style={
            {
              "bottom": 0,
              "left": 0,
              "position": "absolute",
              "right": 0,
              "top": 0,
            }
          }
        >
          <View
            collapsable={false}
            style={
              {
                "opacity": 1,
              }
            }
          />
          <View
            accessibilityElementsHidden={false}
            closing={false}
            gestureVelocityImpact={0.3}
            importantForAccessibility="auto"
            onClose={[Function]}
            onGestureBegin={[Function]}
            onGestureCanceled={[Function]}
            onGestureEnd={[Function]}
            onOpen={[Function]}
            onTransition={[Function]}
            pointerEvents="box-none"
            style={
              [
                {
                  "display": "flex",
                  "overflow": undefined,
                },
                {
                  "bottom": 0,
                  "left": 0,
                  "position": "absolute",
                  "right": 0,
                  "top": 0,
                },
              ]
            }
            transitionSpec={
              {
                "close": {
                  "animation": "spring",
                  "config": {
                    "damping": 500,
                    "mass": 3,
                    "overshootClamping": true,
                    "restDisplacementThreshold": 10,
                    "restSpeedThreshold": 10,
                    "stiffness": 1000,
                  },
                },
                "open": {
                  "animation": "spring",
                  "config": {
                    "damping": 500,
                    "mass": 3,
                    "overshootClamping": true,
                    "restDisplacementThreshold": 10,
                    "restSpeedThreshold": 10,
                    "stiffness": 1000,
                  },
                },
              }
            }
          >
            <View
              collapsable={false}
              pointerEvents="box-none"
              style={
                {
                  "flex": 1,
                }
              }
            >
              <View
                collapsable={false}
                handlerTag={1}
                handlerType="PanGestureHandler"
                needsOffscreenAlphaCompositing={false}
                onGestureHandlerEvent={[Function]}
                onGestureHandlerStateChange={[Function]}
                style={
                  {
                    "flex": 1,
                    "transform": [
                      {
                        "translateX": 0,
                      },
                      {
                        "translateX": 0,
                      },
                    ],
                  }
                }
              >
                <View
                  pointerEvents="box-none"
                  style={
                    [
                      {
                        "flex": 1,
                        "overflow": "hidden",
                      },
                      [
                        {
                          "backgroundColor": "rgb(242, 242, 242)",
                        },
                        undefined,
                      ],
                    ]
                  }
                >
                  <View
                    style={
                      {
                        "flex": 1,
                        "flexDirection": "column-reverse",
                      }
                    }
                  >
                    <View
                      style={
                        {
                          "flex": 1,
                        }
                      }
                    >
                      <RNCSafeAreaView
                        edges={
                          {
                            "bottom": "additive",
                            "left": "additive",
                            "right": "additive",
                            "top": "additive",
                          }
                        }
                        style={
                          {
                            "alignContent": "center",
                            "backgroundColor": "#1FADD7",
                            "flex": 1,
                            "width": "100%",
                          }
                        }
                      >
                        <View
                          style={
                            {
                              "flex": 0.6,
                            }
                          }
                        >
                          <RNSVGSvgView
                            bbHeight="1334"
                            bbWidth="750"
                            focusable={false}
                            height={1334}
                            style={
                              [
                                {
                                  "backgroundColor": "transparent",
                                  "borderWidth": 0,
                                },
                                {
                                  "flex": 0,
                                  "height": 1334,
                                  "width": 750,
                                },
                              ]
                            }
                            width={750}
                          >
                            <RNSVGGroup
                              fill={
                                {
                                  "payload": 4278190080,
                                  "type": 0,
                                }
                              }
                            >
                              <RNSVGImage
                                align="xMidYMin"
                                fill={
                                  {
                                    "payload": 4278190080,
                                    "type": 0,
                                  }
                                }
                                height="1334"
                                meetOrSlice={0}
                                src={null}
                                testID="Logo"
                                width="750"
                                x="0"
                                y="111.16666666666667"
                              />
                            </RNSVGGroup>
                          </RNSVGSvgView>
                        </View>
                        <View
                          style={
                            {
                              "paddingBottom": 20,
                              "paddingHorizontal": 20,
                            }
                          }
                        >
                          <View
                            style={
                              {
                                "alignItems": "center",
                                "flexDirection": "row",
                                "justifyContent": "space-between",
                              }
                            }
                          >
                            <Text
                              style={
                                {
                                  "alignSelf": "center",
                                  "color": "#FFFFFF",
                                  "fontSize": 32,
                                  "marginBottom": 24,
                                }
                              }
                            >
                              Your Journal
                            </Text>
                            <View
                              accessibilityState={
                                {
                                  "busy": undefined,
                                  "checked": undefined,
                                  "disabled": undefined,
                                  "expanded": undefined,
                                  "selected": undefined,
                                }
                              }
                              accessibilityValue={
                                {
                                  "max": undefined,
                                  "min": undefined,
                                  "now": undefined,
                                  "text": undefined,
                                }
                              }
                              accessible={true}
                              collapsable={false}
                              focusable={true}
                              onBlur={[Function]}
                              onClick={[Function]}
                              onFocus={[Function]}
                              onResponderGrant={[Function]}
                              onResponderMove={[Function]}
                              onResponderRelease={[Function]}
                              onResponderTerminate={[Function]}
                              onResponderTerminationRequest={[Function]}
                              onStartShouldSetResponder={[Function]}
                              style={
                                {
                                  "alignSelf": "center",
                                  "backgroundColor": "#FFFFFF",
                                  "borderRadius": 4,
                                  "height": 40,
                                  "width": 40,
                                }
                              }
                            >
                              <Text
                                style={
                                  {
                                    "alignSelf": "center",
                                    "color": "#1FADD7",
                                    "fontSize": 18,
                                  }
                                }
                              >
                                +
                              </Text>
                            </View>
                          </View>
                          <Modal
                            animationType="slide"
                            hardwareAccelerated={false}
                            onRequestClose={[Function]}
                            visible={false}
                          />
                          <RCTScrollView
                            data={[]}
                            getItem={[Function]}
                            getItemCount={[Function]}
                            keyExtractor={[Function]}
                            onContentSizeChange={[Function]}
                            onLayout={[Function]}
                            onMomentumScrollBegin={[Function]}
                            onMomentumScrollEnd={[Function]}
                            onScroll={[Function]}
                            onScrollBeginDrag={[Function]}
                            onScrollEndDrag={[Function]}
                            removeClippedSubviews={false}
                            renderItem={[Function]}
                            scrollEventThrottle={50}
                            stickyHeaderIndices={[]}
                            viewabilityConfigCallbackPairs={[]}
                          >
                            <View />
                          </RCTScrollView>
                        </View>
                      </RNCSafeAreaView>
                    </View>
                  </View>
                </View>
              </View>
            </View>
          </View>
        </RNSScreen>
      </RNSScreenContainer>
    </View>
  </RNCSafeAreaProvider>
</View>
`;
