// Jest Snapshot v1, https://goo.gl/fbAQLP

exports[`Chart should render the page 1`] = `[Function]`;
